// Jest Snapshot v1, https://goo.gl/fbAQLP

exports[`compositions/homepage/Home snapshot 1`] = `
<React.Fragment>
  <BuildBetter />
  <CaseStudies />
  <Industries />
  <WeEnable />
  <HowWeDoIt />
  <Community />
  <ServicesAboutUs />
</React.Fragment>
`;
