// Jest Snapshot v1, https://goo.gl/fbAQLP

exports[`compositions/Home/Community snapshot 1`] = `
<PageSection
  data-selector="home:community"
>
  <PageSectionHeader
    description="We define ourselves by the people who represent us. Our emphasis on community and culture creates an environment where we prioritise supporting and nurturing peopleâ€™s development."
    title="Community"
  />
  <RecentBlogPosts />
  <styled__Rule />
  <UpcomingEvents />
</PageSection>
`;
