// Jest Snapshot v1, https://goo.gl/fbAQLP

exports[`compositions/homepage/BuildBetter snapshot 1`] = `
<styled.section>
  <styled.h2>
    Build better
  </styled.h2>
  <styled.p>
    Great companies go beyond their customers expectations, over and over again. Building this capability in your company is our mission, and our promise.
  </styled.p>
  <styled.p>
    We enable your organisation to deliver world-class technology and customer experiences.
  </styled.p>
  <Button
    component="a"
    href="#case-studies"
  >
    Case Studies â†“
  </Button>
  <styled.div />
  <styled.div />
</styled.section>
`;
