// Jest Snapshot v1, https://goo.gl/fbAQLP

exports[`compositions/homepage/HowWeDoIt snapshot 1`] = `
<PageSection
  data-selector="home:how-we-do-it"
  gradient={true}
>
  <PageSectionHeader
    description={
      <UNDEFINED>
        <styled__Description>
          We thrive by working, thinking, and growing like a technology driven organisation. This is our mission, and our promise. Here’s how we do it:
        </styled__Description>
        <Link
          activeClassName="___active"
          href="/case-studies"
        >
          Learn how we transform organisations →
        </Link>
      </UNDEFINED>
    }
    title="How we do it"
  />
  <ProductList />
</PageSection>
`;
