// Jest Snapshot v1, https://goo.gl/fbAQLP

exports[`components/PageHero basic snapshot 1`] = `
<styled__Wrapper>
  <styled__Header>
    <styled__DefaultTitle>
      Hello, world!
    </styled__DefaultTitle>
  </styled__Header>
  <styled__Main
    white={false}
  >
    I am the page hero body
  </styled__Main>
</styled__Wrapper>
`;
