// Jest Snapshot v1, https://goo.gl/fbAQLP

exports[`success section 1`] = `
<React.Fragment>
  <PageSection>
    <Typography__H2>
      The Process
    </Typography__H2>
    <Typography__base
      large={true}
    >
      Process section top text
    </Typography__base>
    <Typography__base
      newLines={true}
    >
      Process section main text
    </Typography__base>
  </PageSection>
  <PageSection
    wide={true}
  >
    <Image
      Tag="div"
      alt="A demo of the process"
      fadeIn={true}
      src="process-image.jpg"
    />
  </PageSection>
</React.Fragment>
`;
