// Jest Snapshot v1, https://goo.gl/fbAQLP

exports[`components/FooterNavigation snapshot 1`] = `
<styled__Nav>
  <styled__Contact>
    <Typography__H5
      noBorder={true}
      white={true}
    >
      Contact
    </Typography__H5>
    <styled__Item>
      <styled__Link
        href="mailto:hello@yld.io"
      >
        hello@yld.io
      </styled__Link>
    </styled__Item>
    <styled__Item>
      <styled__Link
        href="tel:+4402035144678"
      >
        +44 (0) 203 514 4678
      </styled__Link>
    </styled__Item>
  </styled__Contact>
  <styled__Category>
    <Typography__H5
      noBorder={true}
      white={true}
    >
      Get Around
    </Typography__H5>
    <styled__Item>
      <styled__Link
        href="/"
      >
        Home
      </styled__Link>
    </styled__Item>
    <styled__Item>
      <styled__Link
        href="/services"
      >
        Services
      </styled__Link>
    </styled__Item>
    <styled__Item>
      <styled__Link
        href="/our-clients"
      >
        Our Clients
      </styled__Link>
    </styled__Item>
    <styled__Item>
      <styled__Link
        href="/about-us"
      >
        About Us
      </styled__Link>
    </styled__Item>
    <styled__Item>
      <styled__Link
        href="/join-us"
      >
        Join Us
      </styled__Link>
    </styled__Item>
  </styled__Category>
  <styled__Category>
    <Typography__H5
      noBorder={true}
      white={true}
    >
      Follow Us
    </Typography__H5>
    <ul>
      <styled__Item>
        <styled__Link
          href="https://twitter.com/yldio"
        >
          Twitter
        </styled__Link>
      </styled__Item>
      <styled__Item>
        <styled__Link
          href="https://github.com/yldio"
        >
          Github
        </styled__Link>
      </styled__Item>
      <styled__Item>
        <styled__Link
          href="https://youtube.com"
        >
          Youtube
        </styled__Link>
      </styled__Item>
    </ul>
  </styled__Category>
</styled__Nav>
`;
