// Jest Snapshot v1, https://goo.gl/fbAQLP

exports[`CustomerQuote 1`] = `
<React.Fragment>
  <PageSection
    wide={true}
  >
    <Image
      Tag="div"
      alt="Quote image"
      fadeIn={true}
      src="image.jpg"
    />
    <Container>
      <styled__QuoteWrapper>
        <styled__Quote>
          YLD offered amazing service,
        </styled__Quote>
        <styled__Author>
          Casey Bisson
        </styled__Author>
        <styled__Position>
          Senior Director of Product Management - Joyent
        </styled__Position>
      </styled__QuoteWrapper>
    </Container>
  </PageSection>
  <PageSection>
    <Typography__base
      newLines={true}
    >
      Some amazing support copy with go here to reenforce whatever section it is relevant too.
    </Typography__base>
  </PageSection>
  <PageSection
    wide={true}
  >
    <Image
      Tag="div"
      alt="Client App Image"
      fadeIn={true}
      src="image.jpg"
    />
  </PageSection>
</React.Fragment>
`;
