// Jest Snapshot v1, https://goo.gl/fbAQLP

exports[`compositions/pages/Services/Design snapshot 1`] = `
<section
  data-selector="services:design"
>
  <Design__DesignHeader>
    <Container>
      <Typography__H2
        slim={true}
        white={true}
      >
        Design & Product
      </Typography__H2>
    </Container>
  </Design__DesignHeader>
  <Container>
    <Typography__H5
      noBorder={true}
    >
      A great company continuously finds better solutions to its customers biggest problems. Design is the bridge between the two. Great design goes deeper than just how something looks, it’s why and how it works, for your customers and for your business.
    </Typography__H5>
    <Design__Row>
      <article>
        <Typography__base
          blue={true}
          uppercase={true}
        >
          Design Leadership
        </Typography__base>
        <Typography__base>
          Design Leadership helps build this voice at the centre of your companies process, enabling Design Thinking to drive innovation and quality across your organisation.
        </Typography__base>
      </article>
      <article>
        <Typography__base
          blue={true}
          uppercase={true}
        >
          Design Systems & DesignOps
        </Typography__base>
        <Typography__base>
          For teams to deliver a great experience continuously, it’s necessary to have a toolset that enables an organisation to answer customer problems quickly, at high-quality and iterate rapidly. Design Systems put a powerful product design toolset at the centre of every team.
        </Typography__base>
      </article>
      <article>
        <Typography__base
          blue={true}
          uppercase={true}
        >
          Design Sprints
        </Typography__base>
        <Typography__base>
          Design Sprints enable us to build a deep understanding of the customer problems teams are facing, and to move quickly into prototyping and testing assumptions and original ideas quickly.
        </Typography__base>
      </article>
      <article>
        <Typography__base
          blue={true}
          uppercase={true}
        >
          User Interface Design & Branding
        </Typography__base>
        <Typography__base>
          Great UI design connects your users with your product. It’s the most tactile, direct interaction people will have with your brand, your services, and your customer experience.
        </Typography__base>
      </article>
      <article>
        <Typography__base
          blue={true}
          uppercase={true}
        >
          Research, Usability and User Experience
        </Typography__base>
        <Typography__base>
          Knowing that you’re solving the right customer problems, and with the right user experience is key to growing your product. Great products dont just look good, they enable their users to achieve their goals effortlessly.
        </Typography__base>
      </article>
    </Design__Row>
  </Container>
</section>
`;
