// Jest Snapshot v1, https://goo.gl/fbAQLP

exports[`compositions/pages/Services snapshot 1`] = `
<React.Fragment>
  <styled__Section
    data-selector="services:hero"
  >
    <Container>
      <PageHero
        before="Services"
        big={true}
        white={true}
      >
        We enable your organisation to deliver world-class technology and user experiences, long after we leave.
      </PageHero>
    </Container>
  </styled__Section>
  <styled__ServicesList
    data-selector="services:table"
  >
    <ProductList />
  </styled__ServicesList>
  <Challenges />
  <Approach />
  <Help />
  <Design />
  <Engineering />
  <AddCode />
  <Transfer />
  <Partners />
</React.Fragment>
`;
