// Jest Snapshot v1, https://goo.gl/fbAQLP

exports[`components/FooterClosing snapshot 1`] = `
<styled__Container>
  <styled__Copyright>
    Â© 2018 Made with love by YLD. All rights reserved
  </styled__Copyright>
  <styled__Copyright>
    <styled__SiteLink>
      <styled__Link
        href="/privacy-policy"
      >
        Privacy
      </styled__Link>
    </styled__SiteLink>
    <styled__SiteLink>
      <styled__Link
        href="/terms"
      >
        Terms
      </styled__Link>
    </styled__SiteLink>
    <styled__SiteLink>
      <styled__Link
        href="/sitemap"
      >
        Sitemap
      </styled__Link>
    </styled__SiteLink>
  </styled__Copyright>
</styled__Container>
`;
