// Jest Snapshot v1, https://goo.gl/fbAQLP

exports[`components/Person snapshot 1`] = `
.c4 {
  color: #616680;
  font-weight: 500;
  -webkit-text-decoration: none;
  text-decoration: none;
}

.c4:hover {
  -webkit-text-decoration: underline;
  text-decoration: underline;
}

.c1 {
  white-space: normal;
  color: #637392;
  font-size: 1.25rem;
  font-weight: 600;
  line-height: 1.6em;
  margin-top: 20px;
  margin-bottom: 20px;
}

.c3 {
  white-space: normal;
  color: #637392;
  font-size: 1.25rem;
  font-weight: 400;
  line-height: 1.6em;
  margin-top: 20px;
  margin-bottom: 20px;
}

.c0 {
  border-radius: 50%;
  width: 180px;
  width: 180px;
}

.c2 {
  margin-top: -20px;
}

<Picture
  linkedin="https://twitter.com/dscape"
  name="Nuno Job"
  picture="/image.hs"
  title="Founder + Director"
  twitter="https://twitter.com/dscape"
>
  <li>
    <styled__Img
      alt="Nuno Job"
      height="180"
      src="/image.hs"
      width="180"
    >
      <img
        alt="Nuno Job"
        className="c0"
        height="180"
        src="/image.hs"
        width="180"
      />
    </styled__Img>
    <Typography__base
      bold={true}
    >
      <p
        className="c1"
      >
         
        Nuno Job
      </p>
    </Typography__base>
    <styled__Title>
      <Typography__base
        className="c2"
      >
        <p
          className="c2 c3"
        >
           
          Founder + Director
        </p>
      </Typography__base>
    </styled__Title>
    <Typography__base>
      <p
        className="c3"
      >
         
        Nuno is the founder and director at YLD. The previous CCO at Nodejitsu, Nuno was responsible for business development and sales in the worldâ€™s largest Node.js cloud. Now, he leads the YLD team and inspires all the creative minds that make up the company.
      </p>
    </Typography__base>
    <Typography__base>
      <p
        className="c3"
      >
        <Link
          activeClassName="___active"
          href="https://twitter.com/dscape"
          target="_blank"
        >
          <styled__StyledLink
            href="https://twitter.com/dscape"
            target="_blank"
          >
            <a
              className="c4"
              href="https://twitter.com/dscape"
              target="_blank"
            >
              Twitter
            </a>
          </styled__StyledLink>
        </Link>
      </p>
    </Typography__base>
    <Typography__base>
      <p
        className="c3"
      >
        <Link
          activeClassName="___active"
          href="https://twitter.com/dscape"
          target="_blank"
        >
          <styled__StyledLink
            href="https://twitter.com/dscape"
            target="_blank"
          >
            <a
              className="c4"
              href="https://twitter.com/dscape"
              target="_blank"
            >
              LinkedIn
            </a>
          </styled__StyledLink>
        </Link>
      </p>
    </Typography__base>
  </li>
</Picture>
`;
