// Jest Snapshot v1, https://goo.gl/fbAQLP

exports[`components/ProductList snapshot 1`] = `
<Panel>
  <styled__ProductColumn>
    <styled__ImageWrapper>
      <styled__Image
        alt="Strategy"
        height="40px"
        src="/src/assets/resource.svg"
        width="34px"
      />
    </styled__ImageWrapper>
    <styled__Title>
      Strategy
    </styled__Title>
    <ul>
      <styled__Product>
        Digital Transformation
      </styled__Product>
      <styled__Product>
        Engineering Consultancy
      </styled__Product>
      <styled__Product>
        Product Consultancy
      </styled__Product>
    </ul>
  </styled__ProductColumn>
  <styled__ProductColumn>
    <styled__ImageWrapper>
      <styled__Image
        alt="Design and Product"
        height="31px"
        src="/src/assets/design.svg"
        width="50px"
      />
    </styled__ImageWrapper>
    <styled__Title>
      Design & Product
    </styled__Title>
    <ul>
      <styled__Product>
        Design Systems & Design Operations
      </styled__Product>
      <styled__Product>
        Design Sprints
      </styled__Product>
      <styled__Product>
        User Interface Design & Branding
      </styled__Product>
      <styled__Product>
        Research, Usability and User Experience
      </styled__Product>
    </ul>
  </styled__ProductColumn>
  <styled__ProductColumn>
    <styled__ImageWrapper>
      <styled__Image
        alt="Engineering"
        height="32px"
        src="/src/assets/eng.svg"
        width="39px"
      />
    </styled__ImageWrapper>
    <styled__Title>
      Engineering
    </styled__Title>
    <ul>
      <styled__Product>
        Engineering Leadership
      </styled__Product>
      <styled__Product>
        Back End & Node.js
      </styled__Product>
      <styled__Product>
        Front End & React.js
      </styled__Product>
      <styled__Product>
        DevOps & Kubernetes
      </styled__Product>
      <styled__Product>
        Mobile & React Native
      </styled__Product>
    </ul>
  </styled__ProductColumn>
  <styled__ProductColumn>
    <styled__ImageWrapper>
      <styled__Image
        alt="Engineering"
        height="32px"
        src="/src/assets/training.svg"
        width="37px"
      />
    </styled__ImageWrapper>
    <styled__Title>
      Training
    </styled__Title>
    <ul>
      <styled__Product>
        Node Training
      </styled__Product>
      <styled__Product>
        React Training
      </styled__Product>
      <styled__Product>
        Design Systems Training
      </styled__Product>
      <styled__Product>
        UX Research Training
      </styled__Product>
      <styled__Product>
        UX Design Training
      </styled__Product>
    </ul>
  </styled__ProductColumn>
  <styled__ProductColumn>
    <styled__ImageWrapper>
      <styled__Image
        alt="Addcode"
        height="39px"
        src="/src/assets/rocket.svg"
        width="39px"
      />
    </styled__ImageWrapper>
    <styled__Title>
      Addcode
    </styled__Title>
    <ul>
      <styled__Product>
        Remote Teams
      </styled__Product>
      <styled__Product>
        Geography - same time zone
      </styled__Product>
      <styled__Product>
        Scalability
      </styled__Product>
      <styled__Product>
        Talent
      </styled__Product>
      <styled__Product>
        Choice of location
      </styled__Product>
      <styled__Product>
        Lisbon, Porto, Manchester
      </styled__Product>
    </ul>
  </styled__ProductColumn>
</Panel>
`;
