// Jest Snapshot v1, https://goo.gl/fbAQLP

exports[`compositions/homepage/CaseStudies snapshot 1`] = `
<PageSection
  data-selector="home:case-studies"
  wide={true}
>
  <TileGrid>
    <styled__Tile>
      <styled__TileContent>
        <styled__TileContentTitle>
          Trainline
        </styled__TileContentTitle>
        <styled__TileContentBody>
          A legacy platform that faced a huge pressure to have an updated interface.
        </styled__TileContentBody>
      </styled__TileContent>
    </styled__Tile>
    <styled__Tile
      colour="darker"
    >
      <styled__TileContent>
        <styled__TileContentTitle>
          The Economist
        </styled__TileContentTitle>
        <styled__TileContentBody>
          A legacy platform that faced a huge pressure to have an updated interface.
        </styled__TileContentBody>
      </styled__TileContent>
    </styled__Tile>
    <styled__Tile
      colour="dark"
    >
      <styled__TileContent>
        <styled__TileContentTitle>
          Joyent
        </styled__TileContentTitle>
        <styled__TileContentBody>
          A legacy platform that faced a huge pressure to have an updated interface.
        </styled__TileContentBody>
      </styled__TileContent>
    </styled__Tile>
    <styled__Tile>
      <styled__TileContent>
        <styled__TileContentTitle>
          Doctor Link
        </styled__TileContentTitle>
        <styled__TileContentBody>
          A legacy platform that faced a huge pressure to have an updated interface.
        </styled__TileContentBody>
      </styled__TileContent>
    </styled__Tile>
  </TileGrid>
  <styled__CallToAction>
    <Button
      component={[Function]}
      href="/case-studies"
    >
      View More
    </Button>
  </styled__CallToAction>
</PageSection>
`;
